Sat 04/18/2026 18:22:46.76 - Schedule notifications completed 
Sat 04/18/2026 18:24:53.55 - Schedule notifications completed 
Sat 04/18/2026 18:24:54.86 - Schedule notifications completed 
Sat 04/18/2026 18:33:56.43 - Schedule notifications completed 
Sat 04/18/2026 18:33:58.19 - Schedule notifications completed 
Sat 04/18/2026 18:33:58.71 - Schedule notifications completed 
Sat 04/18/2026 18:40:15.10 - Schedule notifications completed 
Sat 04/18/2026 18:56:20.58 - Schedule notifications completed 
Sat 04/18/2026 18:56:37.04 - Schedule notifications completed 
Sat 04/18/2026 18:57:26.17 - Schedule notifications completed 
Sat 04/18/2026 19:03:47.47 - Schedule notifications completed

Sat 04/18/2026 19:04:08.72 - Schedule notifications completed

Sat 04/18/2026 19:06:03.25 - Schedule notifications completed

Sat 04/18/2026 19:11:54.77 - Schedule notifications completed

Sat 04/18/2026 19:39:18.66 - Schedule notifications completed

Sat 04/18/2026 19:11:55.07 - Schedule notifications completed

Sat 04/18/2026 19:53:45.94 - Schedule notifications completed

Sat 04/18/2026 20:13:50.57 - Schedule notifications completed

Sat 04/18/2026 19:12:07.56 - Schedule notifications completed

Sat 04/18/2026 19:12:05.33 - Schedule notifications completed

Sat 04/18/2026 19:12:03.30 - Schedule notifications completed

Sun 04/19/2026 19:11:57.91 - Schedule notifications completed

Sun 04/19/2026 19:13:14.65 - Schedule notifications completed

Sun 04/19/2026 19:15:20.12 - Schedule notifications completed

Sun 04/19/2026 19:18:35.67 - Schedule notifications completed

Sun 04/19/2026 19:18:39.18 - Schedule notifications completed

Sun 04/19/2026 10:32:22.99 - Schedule notifications completed

Sun 04/19/2026 19:11:56.05 - Schedule notifications completed

Sun 04/19/2026 19:12:18.97 - Schedule notifications completed

Sun 04/19/2026 19:12:56.48 - Schedule notifications completed

Sun 04/19/2026 10:39:19.47 - Schedule notifications completed

Sun 04/19/2026 10:41:02.43 - Schedule notifications completed

Sun 04/19/2026 10:41:26.87 - Schedule notifications completed

Mon 04/20/2026 10:44:12.50 - Schedule notifications completed

Mon 04/20/2026 19:12:19.03 - Schedule notifications completed

Mon 04/20/2026 19:12:17.28 - Schedule notifications completed

Mon 04/20/2026 19:12:04.54 - Schedule notifications completed

Mon 04/20/2026 19:18:47.86 - Schedule notifications completed

Mon 04/20/2026 19:12:04.28 - Schedule notifications completed

Mon 04/20/2026 19:12:15.75 - Schedule notifications completed

Mon 04/20/2026 19:18:59.99 - Schedule notifications completed

Mon 04/20/2026 19:11:55.69 - Schedule notifications completed

Mon 04/20/2026 19:18:50.30 - Schedule notifications completed

Mon 04/20/2026 19:12:02.82 - Schedule notifications completed

Mon 04/20/2026 19:18:47.48 - Schedule notifications completed

Mon 04/20/2026 19:11:56.15 - Schedule notifications completed

Mon 04/20/2026 19:11:55.96 - Schedule notifications completed

Tue 04/21/2026 19:13:50.74 - Schedule notifications completed

Tue 04/21/2026 19:20:02.04 - Schedule notifications completed

Mon 04/20/2026 19:11:56.29 - Schedule notifications completed

Tue 04/21/2026 19:11:56.10 - Schedule notifications completed

Wed 04/22/2026 19:14:02.13 - Schedule notifications completed

Wed 04/22/2026 19:18:40.82 - Schedule notifications completed

Sun 04/19/2026 19:11:58.96 - Schedule notifications completed

Sun 04/19/2026 19:18:39.00 - Schedule notifications completed

Mon 04/27/2026 19:12:42.79 - Schedule notifications completed

Mon 04/27/2026 19:30:20.00 - Schedule notifications completed

Mon 04/27/2026 19:30:20.02 - Schedule notifications completed

Mon 05/04/2026 19:12:28.91 - Schedule notifications completed

Mon 05/04/2026 19:18:43.42 - Schedule notifications completed

Mon 04/20/2026 19:12:30.33 - Schedule notifications completed

Mon 04/20/2026 19:18:40.17 - Schedule notifications completed

Tue 04/28/2026 19:12:09.15 - Schedule notifications completed

Tue 04/21/2026  9:58:53.10 - Schedule notifications completed

Tue 04/21/2026 19:12:32.51 - Schedule notifications completed

Tue 04/21/2026 19:18:39.68 - Schedule notifications completed

Sat 04/25/2026 19:12:00.50 - Schedule notifications completed

Sat 04/25/2026 19:18:45.91 - Schedule notifications completed

Mon 04/27/2026 19:12:00.59 - Schedule notifications completed

Wed 04/29/2026 19:12:00.94 - Schedule notifications completed

Wed 04/29/2026 19:19:05.86 - Schedule notifications completed

Fri 05/01/2026 19:12:01.45 - Schedule notifications completed

Fri 05/01/2026 19:18:43.60 - Schedule notifications completed

Sun 05/03/2026 21:11:45.99 - Schedule notifications completed

Tue 05/05/2026 19:12:48.63 - Schedule notifications completed

Tue 05/05/2026 19:18:39.53 - Schedule notifications completed

Thu 05/07/2026 19:12:49.19 - Schedule notifications completed

Thu 05/07/2026 19:18:39.29 - Schedule notifications completed

Sat 05/09/2026 19:12:13.40 - Schedule notifications completed

Sat 05/09/2026 19:19:09.67 - Schedule notifications completed

Tue 05/12/2026 19:11:59.79 - Schedule notifications completed

Tue 05/12/2026 19:18:43.85 - Schedule notifications completed

Thu 05/14/2026 21:32:47.97 - Schedule notifications completed

Sun 05/17/2026 19:12:00.83 - Schedule notifications completed

Sun 05/17/2026 19:18:48.21 - Schedule notifications completed

Fri 05/22/2026 19:13:04.57 - Schedule notifications completed

Fri 05/22/2026 19:18:41.46 - Schedule notifications completed

Fri 05/29/2026 19:18:45.03 - Schedule notifications completed

Sat 05/30/2026 19:11:56.19 - Schedule notifications completed

Sat 05/30/2026 19:18:39.83 - Schedule notifications completed

Mon 06/01/2026 19:32:09.24 - Schedule notifications completed

Thu 06/04/2026 19:11:59.86 - Schedule notifications completed

Thu 06/04/2026 19:18:43.75 - Schedule notifications completed

Thu 06/11/2026 19:12:02.32 - Schedule notifications completed

Sun 06/14/2026 19:11:57.05 - Schedule notifications completed

Wed 06/17/2026 19:12:46.55 - Schedule notifications completed

Wed 06/17/2026 19:18:59.87 - Schedule notifications completed

Mon 06/22/2026 19:12:00.34 - Schedule notifications completed

Mon 06/22/2026 19:18:43.69 - Schedule notifications completed

Wed 07/22/2026 21:07:34.84 - Schedule notifications completed

Wed 07/22/2026 21:07:34.94 - Schedule notifications completed

Mon 06/29/2026 19:12:31.25 - Schedule notifications completed

Mon 06/29/2026 19:18:39.24 - Schedule notifications completed

Tue 06/30/2026 19:12:35.67 - Schedule notifications completed

Tue 06/30/2026 19:18:39.48 - Schedule notifications completed

Thu 07/02/2026 19:12:40.08 - Schedule notifications completed

Thu 07/02/2026 19:19:06.01 - Schedule notifications completed

Fri 07/17/2026 19:12:00.64 - Schedule notifications completed

Thu 07/30/2026 19:12:09.68 - Schedule notifications completed

Thu 07/30/2026 19:18:40.06 - Schedule notifications completed

Sun 08/23/2026 20:08:48.23 - Schedule notifications completed

Sun 08/02/2026 19:11:55.91 - Schedule notifications completed

Sun 08/02/2026 19:18:39.73 - Schedule notifications completed

Mon 08/03/2026 19:12:11.38 - Schedule notifications completed

Mon 08/03/2026 19:18:39.75 - Schedule notifications completed

Tue 08/04/2026 19:12:00.90 - Schedule notifications completed

Tue 08/04/2026 19:18:44.07 - Schedule notifications completed

Fri 08/07/2026 19:12:01.28 - Schedule notifications completed

Fri 08/07/2026 19:18:43.78 - Schedule notifications completed

Sat 08/08/2026 19:12:01.27 - Schedule notifications completed

Sat 08/08/2026 19:18:43.84 - Schedule notifications completed

Sun 08/09/2026 19:12:06.86 - Schedule notifications completed

Sat 08/15/2026 19:18:45.69 - Schedule notifications completed

